Taken from: https://opengameart.org/content/free-hq-wallpaper (CC0 license)